C51 COMPILER V9.53.0.0   INITDEVICE                                                        04/11/2017 20:16:38 PAGE 1   


C51 COMPILER V9.53.0.0, COMPILATION OF MODULE INITDEVICE
OBJECT MODULE PLACED IN .\src/InitDevice.OBJ
COMPILER INVOKED BY: Z:\Applications\Simplicity Studio.app\Contents\Eclipse\developer\toolchains\keil_8051\9.53\BIN\C51.
                    -exe /Users/liaohu/SimplicityStudio/v4_workspace/EFM8BB3_FunctionGenerator/src/InitDevice.c OMF2 SMALL DEBUG OBJECTEXTEND
                    - ROM(LARGE) WARNINGLEVEL(2) FLOATFUZZY(3) OPTIMIZE(8,SPEED) DEFINE(DEBUG=1) INTVECTOR(0X0000) INTPROMOTE INCDIR(/Users/l
                    -iaohu/SimplicityStudio/v4_workspace/EFM8BB3_FunctionGenerator/inc/graphics;/Users/liaohu/SimplicityStudio/v4_workspace/E
                    -FM8BB3_FunctionGenerator/inc;/Users/liaohu/SimplicityStudio/v4_workspace/EFM8BB3_FunctionGenerator/inc/config;/Applicati
                    -ons/Simplicity Studio.app/Contents/Eclipse/developer/sdks/8051/v4.0.3//kits/common/bsp;/Applications/Simplicity Studio.a
                    -pp/Contents/Eclipse/developer/sdks/8051/v4.0.3//kits/EFM8BB3_SLSTK2022A/config;/Applications/Simplicity Studio.app/Conte
                    -nts/Eclipse/developer/sdks/8051/v4.0.3//Device/EFM8BB3/peripheral_driver/inc;/Applications/Simplicity Studio.app/Content
                    -s/Eclipse/developer/sdks/8051/v4.0.3//kits/common/drivers/efm8_joystick;/Applications/Simplicity Studio.app/Contents/Ecl
                    -ipse/developer/sdks/8051/v4.0.3//kits/common/drivers/efm8_memory_lcd/inc;/Applications/Simplicity Studio.app/Contents/Ec
                    -lipse/developer/sdks/8051/v4.0.3//kits/common/drivers/efm8_memory_lcd/inc/graphics;/Applications/Simplicity Studio.app/C
                    -ontents/Eclipse/developer/sdks/8051/v4.0.3//kits/common/drivers/efm8_memory_lcd/inc/config;/Applications/Simplicity Stud
                    -io.app/Contents/Eclipse/developer/sdks/8051/v4.0.3//Device/shared/si8051base;/Applications/Simplicity Studio.app/Content
                    -s/Eclipse/developer/sdks/8051/v4.0.3//Device/EFM8BB3/inc;/Applications/Simplicity Studio.app/Contents/Eclipse/developer/
                    -sdks/8051/v4.0.3//kits/common/drivers/efm8_retargetserial) PRINT(.\src/InitDevice.lst) COND PAGEWIDTH(120) PAGELENGTH(65
                    -) OBJECT(.\src/InitDevice.OBJ)

line level    source

   1          //=========================================================
   2          // src/InitDevice.c: generated by Hardware Configurator
   3          //
   4          // This file will be regenerated when saving a document.
   5          // leave the sections inside the "$[...]" comment tags alone
   6          // or they will be overwritten!
   7          //=========================================================
   8          
   9          // USER INCLUDES
  10          #include <SI_EFM8BB3_Register_Enums.h>
  11          #include "InitDevice.h"
  12          #include "function_generator.h"
  13          
  14          // USER PROTOTYPES
  15          // USER FUNCTIONS
  16          
  17          // $[Library Includes]
  18          // [Library Includes]$
  19          
  20          //==============================================================================
  21          // enter_DefaultMode_from_RESET
  22          //==============================================================================
  23          extern void enter_DefaultMode_from_RESET(void) {
  24   1              // $[Config Calls]
  25   1              // Save the SFRPAGE
  26   1              uint8_t SFRPAGE_save = SFRPAGE;
  27   1              WDT_0_enter_DefaultMode_from_RESET();
  28   1              PORTS_0_enter_DefaultMode_from_RESET();
  29   1              PORTS_1_enter_DefaultMode_from_RESET();
  30   1              PORTS_2_enter_DefaultMode_from_RESET();
  31   1              PORTS_3_enter_DefaultMode_from_RESET();
  32   1              PBCFG_0_enter_DefaultMode_from_RESET();
  33   1              ADC_0_enter_DefaultMode_from_RESET();
  34   1              DAC_0_enter_DefaultMode_from_RESET();
  35   1              DAC_1_enter_DefaultMode_from_RESET();
  36   1              DACGCF_0_enter_DefaultMode_from_RESET();
  37   1              VREF_0_enter_DefaultMode_from_RESET();
  38   1              CLOCK_0_enter_DefaultMode_from_RESET();
  39   1              TIMER01_0_enter_DefaultMode_from_RESET();
  40   1              TIMER16_3_enter_DefaultMode_from_RESET();
  41   1              TIMER16_4_enter_DefaultMode_from_RESET();
C51 COMPILER V9.53.0.0   INITDEVICE                                                        04/11/2017 20:16:38 PAGE 2   

  42   1              TIMER_SETUP_0_enter_DefaultMode_from_RESET();
  43   1              SPI_0_enter_DefaultMode_from_RESET();
  44   1              INTERRUPT_0_enter_DefaultMode_from_RESET();
  45   1              // Restore the SFRPAGE
  46   1              SFRPAGE = SFRPAGE_save;
  47   1              // [Config Calls]$
  48   1      
  49   1      }
  50          
  51          //================================================================================
  52          // WDT_0_enter_DefaultMode_from_RESET
  53          //================================================================================
  54          extern void WDT_0_enter_DefaultMode_from_RESET(void) {
  55   1              // $[WDTCN - Watchdog Timer Control]
  56   1              SFRPAGE = 0x00;
  57   1              //Disable Watchdog with key sequence
  58   1              WDTCN = 0xDE; //First key
  59   1              WDTCN = 0xAD; //Second key
  60   1              // [WDTCN - Watchdog Timer Control]$
  61   1      
  62   1      }
  63          
  64          //================================================================================
  65          // PORTS_0_enter_DefaultMode_from_RESET
  66          //================================================================================
  67          extern void PORTS_0_enter_DefaultMode_from_RESET(void) {
  68   1              // $[P0 - Port 0 Pin Latch]
  69   1              // [P0 - Port 0 Pin Latch]$
  70   1      
  71   1              // $[P0MDOUT - Port 0 Output Mode]
  72   1              /***********************************************************************
  73   1               - P0.0 output is open-drain
  74   1               - P0.1 output is open-drain
  75   1               - P0.2 output is open-drain
  76   1               - P0.3 output is open-drain
  77   1               - P0.4 output is open-drain
  78   1               - P0.5 output is open-drain
  79   1               - P0.6 output is push-pull
  80   1               - P0.7 output is open-drain
  81   1               ***********************************************************************/
  82   1              P0MDOUT = P0MDOUT_B0__OPEN_DRAIN | P0MDOUT_B1__OPEN_DRAIN
  83   1                              | P0MDOUT_B2__OPEN_DRAIN | P0MDOUT_B3__OPEN_DRAIN
  84   1                              | P0MDOUT_B4__OPEN_DRAIN | P0MDOUT_B5__OPEN_DRAIN
  85   1                              | P0MDOUT_B6__PUSH_PULL | P0MDOUT_B7__OPEN_DRAIN;
  86   1              // [P0MDOUT - Port 0 Output Mode]$
  87   1      
  88   1              // $[P0MDIN - Port 0 Input Mode]
  89   1              /***********************************************************************
  90   1               - P0.0 pin is configured for analog mode
  91   1               - P0.1 pin is configured for digital mode
  92   1               - P0.2 pin is configured for digital mode
  93   1               - P0.3 pin is configured for digital mode
  94   1               - P0.4 pin is configured for digital mode
  95   1               - P0.5 pin is configured for digital mode
  96   1               - P0.6 pin is configured for digital mode
  97   1               - P0.7 pin is configured for digital mode
  98   1               ***********************************************************************/
  99   1              P0MDIN = P0MDIN_B0__ANALOG | P0MDIN_B1__DIGITAL | P0MDIN_B2__DIGITAL
 100   1                              | P0MDIN_B3__DIGITAL | P0MDIN_B4__DIGITAL | P0MDIN_B5__DIGITAL
 101   1                              | P0MDIN_B6__DIGITAL | P0MDIN_B7__DIGITAL;
 102   1              // [P0MDIN - Port 0 Input Mode]$
 103   1      
 104   1              // $[P0SKIP - Port 0 Skip]
C51 COMPILER V9.53.0.0   INITDEVICE                                                        04/11/2017 20:16:38 PAGE 3   

 105   1              /***********************************************************************
 106   1               - P0.0 pin is skipped by the crossbar
 107   1               - P0.1 pin is skipped by the crossbar
 108   1               - P0.2 pin is skipped by the crossbar
 109   1               - P0.3 pin is skipped by the crossbar
 110   1               - P0.4 pin is skipped by the crossbar
 111   1               - P0.5 pin is skipped by the crossbar
 112   1               - P0.6 pin is not skipped by the crossbar
 113   1               - P0.7 pin is not skipped by the crossbar
 114   1               ***********************************************************************/
 115   1              P0SKIP = P0SKIP_B0__SKIPPED | P0SKIP_B1__SKIPPED | P0SKIP_B2__SKIPPED
 116   1                              | P0SKIP_B3__SKIPPED | P0SKIP_B4__SKIPPED | P0SKIP_B5__SKIPPED
 117   1                              | P0SKIP_B6__NOT_SKIPPED | P0SKIP_B7__NOT_SKIPPED;
 118   1              // [P0SKIP - Port 0 Skip]$
 119   1      
 120   1              // $[P0MASK - Port 0 Mask]
 121   1              /***********************************************************************
 122   1               - P0.0 pin logic value is ignored and will not cause a port mismatch
 123   1               event
 124   1               - P0.1 pin logic value is ignored and will not cause a port mismatch
 125   1               event
 126   1               - P0.2 pin logic value is compared to P0MAT.2
 127   1               - P0.3 pin logic value is compared to P0MAT.3
 128   1               - P0.4 pin logic value is ignored and will not cause a port mismatch
 129   1               event
 130   1               - P0.5 pin logic value is ignored and will not cause a port mismatch
 131   1               event
 132   1               - P0.6 pin logic value is ignored and will not cause a port mismatch
 133   1               event
 134   1               - P0.7 pin logic value is ignored and will not cause a port mismatch
 135   1               event
 136   1               ***********************************************************************/
 137   1              P0MASK = P0MASK_B0__IGNORED | P0MASK_B1__IGNORED | P0MASK_B2__COMPARED
 138   1                              | P0MASK_B3__COMPARED | P0MASK_B4__IGNORED | P0MASK_B5__IGNORED
 139   1                              | P0MASK_B6__IGNORED | P0MASK_B7__IGNORED;
 140   1              // [P0MASK - Port 0 Mask]$
 141   1      
 142   1              // $[P0MAT - Port 0 Match]
 143   1              // [P0MAT - Port 0 Match]$
 144   1      
 145   1      }
 146          
 147          //================================================================================
 148          // PORTS_1_enter_DefaultMode_from_RESET
 149          //================================================================================
 150          extern void PORTS_1_enter_DefaultMode_from_RESET(void) {
 151   1              // $[P1 - Port 1 Pin Latch]
 152   1              // [P1 - Port 1 Pin Latch]$
 153   1      
 154   1              // $[P1MDOUT - Port 1 Output Mode]
 155   1              /***********************************************************************
 156   1               - P1.0 output is push-pull
 157   1               - P1.1 output is open-drain
 158   1               - P1.2 output is open-drain
 159   1               - P1.3 output is open-drain
 160   1               - P1.4 output is push-pull
 161   1               - P1.5 output is push-pull
 162   1               - P1.6 output is push-pull
 163   1               - P1.7 output is open-drain
 164   1               ***********************************************************************/
 165   1              P1MDOUT = P1MDOUT_B0__PUSH_PULL | P1MDOUT_B1__OPEN_DRAIN
 166   1                              | P1MDOUT_B2__OPEN_DRAIN | P1MDOUT_B3__OPEN_DRAIN
 167   1                              | P1MDOUT_B4__PUSH_PULL | P1MDOUT_B5__PUSH_PULL
C51 COMPILER V9.53.0.0   INITDEVICE                                                        04/11/2017 20:16:38 PAGE 4   

 168   1                              | P1MDOUT_B6__PUSH_PULL | P1MDOUT_B7__OPEN_DRAIN;
 169   1              // [P1MDOUT - Port 1 Output Mode]$
 170   1      
 171   1              // $[P1MDIN - Port 1 Input Mode]
 172   1              /***********************************************************************
 173   1               - P1.0 pin is configured for digital mode
 174   1               - P1.1 pin is configured for analog mode
 175   1               - P1.2 pin is configured for digital mode
 176   1               - P1.3 pin is configured for digital mode
 177   1               - P1.4 pin is configured for digital mode
 178   1               - P1.5 pin is configured for digital mode
 179   1               - P1.6 pin is configured for digital mode
 180   1               - P1.7 pin is configured for analog mode
 181   1               ***********************************************************************/
 182   1              P1MDIN = P1MDIN_B0__DIGITAL | P1MDIN_B1__ANALOG | P1MDIN_B2__DIGITAL
 183   1                              | P1MDIN_B3__DIGITAL | P1MDIN_B4__DIGITAL | P1MDIN_B5__DIGITAL
 184   1                              | P1MDIN_B6__DIGITAL | P1MDIN_B7__ANALOG;
 185   1              // [P1MDIN - Port 1 Input Mode]$
 186   1      
 187   1              // $[P1SKIP - Port 1 Skip]
 188   1              /***********************************************************************
 189   1               - P1.0 pin is not skipped by the crossbar
 190   1               - P1.1 pin is skipped by the crossbar
 191   1               - P1.2 pin is skipped by the crossbar
 192   1               - P1.3 pin is skipped by the crossbar
 193   1               - P1.4 pin is not skipped by the crossbar
 194   1               - P1.5 pin is not skipped by the crossbar
 195   1               - P1.6 pin is not skipped by the crossbar
 196   1               - P1.7 pin is skipped by the crossbar
 197   1               ***********************************************************************/
 198   1              P1SKIP = P1SKIP_B0__NOT_SKIPPED | P1SKIP_B1__SKIPPED | P1SKIP_B2__SKIPPED
 199   1                              | P1SKIP_B3__SKIPPED | P1SKIP_B4__NOT_SKIPPED
 200   1                              | P1SKIP_B5__NOT_SKIPPED | P1SKIP_B6__NOT_SKIPPED
 201   1                              | P1SKIP_B7__SKIPPED;
 202   1              // [P1SKIP - Port 1 Skip]$
 203   1      
 204   1              // $[P1MASK - Port 1 Mask]
 205   1              // [P1MASK - Port 1 Mask]$
 206   1      
 207   1              // $[P1MAT - Port 1 Match]
 208   1              // [P1MAT - Port 1 Match]$
 209   1      
 210   1      }
 211          
 212          //================================================================================
 213          // PORTS_2_enter_DefaultMode_from_RESET
 214          //================================================================================
 215          extern void PORTS_2_enter_DefaultMode_from_RESET(void) {
 216   1              // $[P2 - Port 2 Pin Latch]
 217   1              // [P2 - Port 2 Pin Latch]$
 218   1      
 219   1              // $[P2MDOUT - Port 2 Output Mode]
 220   1              /***********************************************************************
 221   1               - P2.0 output is open-drain
 222   1               - P2.1 output is open-drain
 223   1               - P2.2 output is open-drain
 224   1               - P2.3 output is open-drain
 225   1               - P2.4 output is open-drain
 226   1               - P2.5 output is open-drain
 227   1               - P2.6 output is push-pull
 228   1               ***********************************************************************/
 229   1              P2MDOUT = P2MDOUT_B0__OPEN_DRAIN | P2MDOUT_B1__OPEN_DRAIN
 230   1                              | P2MDOUT_B2__OPEN_DRAIN | P2MDOUT_B3__OPEN_DRAIN
C51 COMPILER V9.53.0.0   INITDEVICE                                                        04/11/2017 20:16:38 PAGE 5   

 231   1                              | P2MDOUT_B4__OPEN_DRAIN | P2MDOUT_B5__OPEN_DRAIN
 232   1                              | P2MDOUT_B6__PUSH_PULL;
 233   1              // [P2MDOUT - Port 2 Output Mode]$
 234   1      
 235   1              // $[P2MDIN - Port 2 Input Mode]
 236   1              // [P2MDIN - Port 2 Input Mode]$
 237   1      
 238   1              // $[P2SKIP - Port 2 Skip]
 239   1              /***********************************************************************
 240   1               - P2.0 pin is not skipped by the crossbar
 241   1               - P2.1 pin is not skipped by the crossbar
 242   1               - P2.2 pin is not skipped by the crossbar
 243   1               - P2.3 pin is skipped by the crossbar
 244   1               ***********************************************************************/
 245   1              SFRPAGE = 0x20;
 246   1              P2SKIP = P2SKIP_B0__NOT_SKIPPED | P2SKIP_B1__NOT_SKIPPED
 247   1                              | P2SKIP_B2__NOT_SKIPPED | P2SKIP_B3__SKIPPED;
 248   1              // [P2SKIP - Port 2 Skip]$
 249   1      
 250   1              // $[P2MASK - Port 2 Mask]
 251   1              // [P2MASK - Port 2 Mask]$
 252   1      
 253   1              // $[P2MAT - Port 2 Match]
 254   1              // [P2MAT - Port 2 Match]$
 255   1      
 256   1      }
 257          
 258          //================================================================================
 259          // PORTS_3_enter_DefaultMode_from_RESET
 260          //================================================================================
 261          extern void PORTS_3_enter_DefaultMode_from_RESET(void) {
 262   1              // $[P3 - Port 3 Pin Latch]
 263   1              // [P3 - Port 3 Pin Latch]$
 264   1      
 265   1              // $[P3MDOUT - Port 3 Output Mode]
 266   1              // [P3MDOUT - Port 3 Output Mode]$
 267   1      
 268   1              // $[P3MDIN - Port 3 Input Mode]
 269   1              /***********************************************************************
 270   1               - P3.0 pin is configured for analog mode
 271   1               - P3.1 pin is configured for analog mode
 272   1               - P3.2 pin is configured for digital mode
 273   1               - P3.3 pin is configured for digital mode
 274   1               - P3.4 pin is configured for digital mode
 275   1               - P3.7 pin is configured for digital mode
 276   1               ***********************************************************************/
 277   1              P3MDIN = P3MDIN_B0__ANALOG | P3MDIN_B1__ANALOG | P3MDIN_B2__DIGITAL
 278   1                              | P3MDIN_B3__DIGITAL | P3MDIN_B4__DIGITAL | P3MDIN_B7__DIGITAL;
 279   1              // [P3MDIN - Port 3 Input Mode]$
 280   1      
 281   1      }
 282          
 283          //================================================================================
 284          // PBCFG_0_enter_DefaultMode_from_RESET
 285          //================================================================================
 286          extern void PBCFG_0_enter_DefaultMode_from_RESET(void) {
 287   1              // $[XBR2 - Port I/O Crossbar 2]
 288   1              /***********************************************************************
 289   1               - Weak Pullups enabled 
 290   1               - Crossbar enabled
 291   1               - UART1 I/O unavailable at Port pin
 292   1               - UART1 RTS1 unavailable at Port pin
 293   1               - UART1 CTS1 unavailable at Port pin
C51 COMPILER V9.53.0.0   INITDEVICE                                                        04/11/2017 20:16:38 PAGE 6   

 294   1               ***********************************************************************/
 295   1              SFRPAGE = 0x00;
 296   1              XBR2 = XBR2_WEAKPUD__PULL_UPS_ENABLED | XBR2_XBARE__ENABLED
 297   1                              | XBR2_URT1E__DISABLED | XBR2_URT1RTSE__DISABLED
 298   1                              | XBR2_URT1CTSE__DISABLED;
 299   1              // [XBR2 - Port I/O Crossbar 2]$
 300   1      
 301   1              // $[PRTDRV - Port Drive Strength]
 302   1              // [PRTDRV - Port Drive Strength]$
 303   1      
 304   1              // $[XBR0 - Port I/O Crossbar 0]
 305   1              /***********************************************************************
 306   1               - UART0 I/O unavailable at Port pin
 307   1               - SPI I/O routed to Port pins
 308   1               - SMBus 0 I/O unavailable at Port pins
 309   1               - CP0 unavailable at Port pin
 310   1               - Asynchronous CP0 unavailable at Port pin
 311   1               - CP1 unavailable at Port pin
 312   1               - Asynchronous CP1 unavailable at Port pin
 313   1               - SYSCLK unavailable at Port pin
 314   1               ***********************************************************************/
 315   1              XBR0 = XBR0_URT0E__DISABLED | XBR0_SPI0E__ENABLED | XBR0_SMB0E__DISABLED
 316   1                              | XBR0_CP0E__DISABLED | XBR0_CP0AE__DISABLED | XBR0_CP1E__DISABLED
 317   1                              | XBR0_CP1AE__DISABLED | XBR0_SYSCKE__DISABLED;
 318   1              // [XBR0 - Port I/O Crossbar 0]$
 319   1      
 320   1              // $[XBR1 - Port I/O Crossbar 1]
 321   1              /***********************************************************************
 322   1               - CEX0, CEX1, CEX2 routed to Port pins
 323   1               - ECI unavailable at Port pin
 324   1               - T0 unavailable at Port pin
 325   1               - T1 unavailable at Port pin
 326   1               - T2 unavailable at Port pin
 327   1               ***********************************************************************/
 328   1              XBR1 = XBR1_PCA0ME__CEX0_TO_CEX2 | XBR1_ECIE__DISABLED | XBR1_T0E__DISABLED
 329   1                              | XBR1_T1E__DISABLED | XBR1_T2E__DISABLED;
 330   1              // [XBR1 - Port I/O Crossbar 1]$
 331   1      
 332   1      }
 333          
 334          //================================================================================
 335          // ADC_0_enter_DefaultMode_from_RESET
 336          //================================================================================
 337          extern void ADC_0_enter_DefaultMode_from_RESET(void) {
 338   1              // $[ADC0CN2 - ADC0 Control 2]
 339   1              // [ADC0CN2 - ADC0 Control 2]$
 340   1      
 341   1              // $[ADC0CN1 - ADC0 Control 1]
 342   1              // [ADC0CN1 - ADC0 Control 1]$
 343   1      
 344   1              // $[ADC0MX - ADC0 Multiplexer Selection]
 345   1              /***********************************************************************
 346   1               - Select ADC0.13
 347   1               ***********************************************************************/
 348   1              ADC0MX = ADC0MX_ADC0MX__ADC0P13;
 349   1              // [ADC0MX - ADC0 Multiplexer Selection]$
 350   1      
 351   1              // $[ADC0CF2 - ADC0 Power Control]
 352   1              /***********************************************************************
 353   1               - The ADC0 ground reference is the GND pin
 354   1               - The ADC0 voltage reference is the VDD pin
 355   1               - Power Up Delay Time = 0x1F
 356   1               ***********************************************************************/
C51 COMPILER V9.53.0.0   INITDEVICE                                                        04/11/2017 20:16:38 PAGE 7   

 357   1              ADC0CF2 = ADC0CF2_GNDSL__GND_PIN | ADC0CF2_REFSL__VDD_PIN
 358   1                              | (0x1F << ADC0CF2_ADPWR__SHIFT);
 359   1              // [ADC0CF2 - ADC0 Power Control]$
 360   1      
 361   1              // $[ADC0CF0 - ADC0 Configuration]
 362   1              /***********************************************************************
 363   1               - ADCCLK = SYSCLK
 364   1               - SAR Clock Divider = 0x01
 365   1               ***********************************************************************/
 366   1              ADC0CF0 = ADC0CF0_ADCLKSEL__SYSCLK | (0x01 << ADC0CF0_ADSC__SHIFT);
 367   1              // [ADC0CF0 - ADC0 Configuration]$
 368   1      
 369   1              // $[ADC0CF1 - ADC0 Configuration]
 370   1              /***********************************************************************
 371   1               - Enable low power mode
 372   1               - Conversion Tracking Time = 0x01
 373   1               ***********************************************************************/
 374   1              ADC0CF1 = ADC0CF1_ADLPM__LP_ENABLED | (0x01 << ADC0CF1_ADTK__SHIFT);
 375   1              // [ADC0CF1 - ADC0 Configuration]$
 376   1      
 377   1              // $[ADC0ASAL - ADC0 Autoscan Start Address Low Byte]
 378   1              // [ADC0ASAL - ADC0 Autoscan Start Address Low Byte]$
 379   1      
 380   1              // $[ADC0GTH - ADC0 Greater-Than High Byte]
 381   1              // [ADC0GTH - ADC0 Greater-Than High Byte]$
 382   1      
 383   1              // $[ADC0GTL - ADC0 Greater-Than Low Byte]
 384   1              // [ADC0GTL - ADC0 Greater-Than Low Byte]$
 385   1      
 386   1              // $[ADC0LTH - ADC0 Less-Than High Byte]
 387   1              // [ADC0LTH - ADC0 Less-Than High Byte]$
 388   1      
 389   1              // $[ADC0LTL - ADC0 Less-Than Low Byte]
 390   1              // [ADC0LTL - ADC0 Less-Than Low Byte]$
 391   1      
 392   1              // $[ADC0ASCF - ADC0 Autoscan Configuration]
 393   1              // [ADC0ASCF - ADC0 Autoscan Configuration]$
 394   1      
 395   1              // $[ADC0CN0 - ADC0 Control 0]
 396   1              /***********************************************************************
 397   1               - Enable ADC0 
 398   1               ***********************************************************************/
 399   1              ADC0CN0 |= ADC0CN0_ADEN__ENABLED;
 400   1              // [ADC0CN0 - ADC0 Control 0]$
 401   1      
 402   1      }
 403          
 404          //================================================================================
 405          // DAC_0_enter_DefaultMode_from_RESET
 406          //================================================================================
 407          extern void DAC_0_enter_DefaultMode_from_RESET(void) {
 408   1              // $[DAC0CF0 - DAC0 Configuration 0]
 409   1              /***********************************************************************
 410   1               - DAC0 is enabled and will drive the output pin
 411   1               - DAC0 output updates occur on Timer 4 high byte overflow
 412   1               - DAC0 input is treated as right-justified
 413   1               - All resets will reset DAC0 and its associated registers
 414   1               ***********************************************************************/
 415   1              SFRPAGE = 0x30;
 416   1              DAC0CF0 = DAC0CF0_EN__ENABLE | DAC0CF0_UPDATE__TIMER4
 417   1                              | DAC0CF0_LJST__RIGHT_JUSTIFY | DAC0CF0_RSTMD__NORMAL;
 418   1              // [DAC0CF0 - DAC0 Configuration 0]$
 419   1      
C51 COMPILER V9.53.0.0   INITDEVICE                                                        04/11/2017 20:16:38 PAGE 8   

 420   1              // $[DAC0CF1 - DAC0 Configuration 1]
 421   1              // [DAC0CF1 - DAC0 Configuration 1]$
 422   1      
 423   1      }
 424          
 425          //================================================================================
 426          // DAC_1_enter_DefaultMode_from_RESET
 427          //================================================================================
 428          extern void DAC_1_enter_DefaultMode_from_RESET(void) {
 429   1              // $[DAC1CF0 - DAC1 Configuration 0]
 430   1              /***********************************************************************
 431   1               - DAC1 is enabled and will drive the output pin
 432   1               - DAC1 output updates occur on Timer 4 high byte overflow
 433   1               - DAC1 input is treated as right-justified
 434   1               - All resets will reset DAC1 and its associated registers
 435   1               ***********************************************************************/
 436   1              DAC1CF0 = DAC1CF0_EN__ENABLE | DAC1CF0_UPDATE__TIMER4
 437   1                              | DAC1CF0_LJST__RIGHT_JUSTIFY | DAC1CF0_RSTMD__NORMAL;
 438   1              // [DAC1CF0 - DAC1 Configuration 0]$
 439   1      
 440   1              // $[DAC1CF1 - DAC1 Configuration 1]
 441   1              // [DAC1CF1 - DAC1 Configuration 1]$
 442   1      
 443   1      }
 444          
 445          //================================================================================
 446          // DACGCF_0_enter_DefaultMode_from_RESET
 447          //================================================================================
 448          extern void DACGCF_0_enter_DefaultMode_from_RESET(void) {
 449   1              // $[DACGCF0 - DAC Global Configuration 0]
 450   1              /***********************************************************************
 451   1               - Select the VREF pin
 452   1               - Select the VDD supply
 453   1               - Input = DAC1H:DAC1L
 454   1               - Input = DAC3H:DAC3L
 455   1               - DAC1 always updates from the data source selected in D1SRC
 456   1               - DAC3 always updates from the data source selected in D3SRC
 457   1               ***********************************************************************/
 458   1              DACGCF0 = DACGCF0_D01REFSL__VREF | DACGCF0_D23REFSL__VDD
 459   1                              | DACGCF0_D1SRC__DAC1 | DACGCF0_D3SRC__DAC3 | DACGCF0_D1AMEN__NORMAL
 460   1                              | DACGCF0_D3AMEN__NORMAL;
 461   1              // [DACGCF0 - DAC Global Configuration 0]$
 462   1      
 463   1              // $[DACGCF2 - DAC Global Configuration 2]
 464   1              // [DACGCF2 - DAC Global Configuration 2]$
 465   1      
 466   1      }
 467          
 468          //================================================================================
 469          // VREF_0_enter_DefaultMode_from_RESET
 470          //================================================================================
 471          extern void VREF_0_enter_DefaultMode_from_RESET(void) {
 472   1              // $[REF0CN - Voltage Reference Control]
 473   1              /***********************************************************************
 474   1               - 2.4 V reference output to VREF pin
 475   1               ***********************************************************************/
 476   1              SFRPAGE = 0x00;
 477   1              REF0CN = REF0CN_VREFSL__VREF_2P4;
 478   1              // [REF0CN - Voltage Reference Control]$
 479   1      
 480   1      }
 481          
 482          //================================================================================
C51 COMPILER V9.53.0.0   INITDEVICE                                                        04/11/2017 20:16:38 PAGE 9   

 483          // CLOCK_0_enter_DefaultMode_from_RESET
 484          //================================================================================
 485          extern void CLOCK_0_enter_DefaultMode_from_RESET(void) {
 486   1              // $[HFOSC1 Setup]
 487   1              // [HFOSC1 Setup]$
 488   1      
 489   1              // $[CLKSEL - Clock Select]
 490   1              /***********************************************************************
 491   1               - Clock derived from the Internal High Frequency Oscillator 0
 492   1               - SYSCLK is equal to selected clock source divided by 1
 493   1               ***********************************************************************/
 494   1              CLKSEL = CLKSEL_CLKSL__HFOSC0 | CLKSEL_CLKDIV__SYSCLK_DIV_1;
 495   1              while ((CLKSEL & CLKSEL_DIVRDY__BMASK) == CLKSEL_DIVRDY__NOT_READY)
 496   1                      ;
 497   1              // [CLKSEL - Clock Select]$
 498   1      
 499   1      }
 500          
 501          //================================================================================
 502          // TIMER01_0_enter_DefaultMode_from_RESET
 503          //================================================================================
 504          extern void TIMER01_0_enter_DefaultMode_from_RESET(void) {
 505   1              // $[Timer Initialization]
 506   1              //Save Timer Configuration
 507   1              uint8_t TCON_save;
 508   1              TCON_save = TCON;
 509   1              //Stop Timers
 510   1              TCON &= ~TCON_TR0__BMASK & ~TCON_TR1__BMASK;
 511   1      
 512   1              // [Timer Initialization]$
 513   1      
 514   1              // $[TH0 - Timer 0 High Byte]
 515   1              /***********************************************************************
 516   1               - Timer 0 High Byte = 0x01
 517   1               ***********************************************************************/
 518   1              TH0 = (0x01 << TH0_TH0__SHIFT);
 519   1              // [TH0 - Timer 0 High Byte]$
 520   1      
 521   1              // $[TL0 - Timer 0 Low Byte]
 522   1              // [TL0 - Timer 0 Low Byte]$
 523   1      
 524   1              // $[TH1 - Timer 1 High Byte]
 525   1              // [TH1 - Timer 1 High Byte]$
 526   1      
 527   1              // $[TL1 - Timer 1 Low Byte]
 528   1              // [TL1 - Timer 1 Low Byte]$
 529   1      
 530   1              // $[Timer Restoration]
 531   1              //Restore Timer Configuration
 532   1              TCON |= (TCON_save & TCON_TR0__BMASK) | (TCON_save & TCON_TR1__BMASK);
 533   1      
 534   1              // [Timer Restoration]$
 535   1      
 536   1      }
 537          
 538          //================================================================================
 539          // TIMER16_3_enter_DefaultMode_from_RESET
 540          //================================================================================
 541          extern void TIMER16_3_enter_DefaultMode_from_RESET(void) {
 542   1              // $[Timer Initialization]
 543   1              // Save Timer Configuration
 544   1              uint8_t TMR3CN0_TR3_save;
 545   1              TMR3CN0_TR3_save = TMR3CN0 & TMR3CN0_TR3__BMASK;
C51 COMPILER V9.53.0.0   INITDEVICE                                                        04/11/2017 20:16:38 PAGE 10  

 546   1              // Stop Timer
 547   1              TMR3CN0 &= ~(TMR3CN0_TR3__BMASK);
 548   1              // [Timer Initialization]$
 549   1      
 550   1              // $[TMR3CN1 - Timer 3 Control 1]
 551   1              // [TMR3CN1 - Timer 3 Control 1]$
 552   1      
 553   1              // $[TMR3CN0 - Timer 3 Control]
 554   1              // [TMR3CN0 - Timer 3 Control]$
 555   1      
 556   1              // $[TMR3H - Timer 3 High Byte]
 557   1              /***********************************************************************
 558   1               - Timer 3 High Byte = 0xF8
 559   1               ***********************************************************************/
 560   1              TMR3H = (0xF8 << TMR3H_TMR3H__SHIFT);
 561   1              // [TMR3H - Timer 3 High Byte]$
 562   1      
 563   1              // $[TMR3L - Timer 3 Low Byte]
 564   1              /***********************************************************************
 565   1               - Timer 3 Low Byte = 0x06
 566   1               ***********************************************************************/
 567   1              TMR3L = (0x06 << TMR3L_TMR3L__SHIFT);
 568   1              // [TMR3L - Timer 3 Low Byte]$
 569   1      
 570   1              // $[TMR3RLH - Timer 3 Reload High Byte]
 571   1              /***********************************************************************
 572   1               - Timer 3 Reload High Byte = 0xF8
 573   1               ***********************************************************************/
 574   1              TMR3RLH = (0xF8 << TMR3RLH_TMR3RLH__SHIFT);
 575   1              // [TMR3RLH - Timer 3 Reload High Byte]$
 576   1      
 577   1              // $[TMR3RLL - Timer 3 Reload Low Byte]
 578   1              /***********************************************************************
 579   1               - Timer 3 Reload Low Byte = 0x06
 580   1               ***********************************************************************/
 581   1              TMR3RLL = (0x06 << TMR3RLL_TMR3RLL__SHIFT);
 582   1              // [TMR3RLL - Timer 3 Reload Low Byte]$
 583   1      
 584   1              // $[TMR3CN0]
 585   1              /***********************************************************************
 586   1               - Start Timer 3 running
 587   1               ***********************************************************************/
 588   1              TMR3CN0 |= TMR3CN0_TR3__RUN;
 589   1              // [TMR3CN0]$
 590   1      
 591   1              // $[Timer Restoration]
 592   1              // Restore Timer Configuration
 593   1              TMR3CN0 |= TMR3CN0_TR3_save;
 594   1              // [Timer Restoration]$
 595   1      
 596   1      }
 597          
 598          //================================================================================
 599          // TIMER16_4_enter_DefaultMode_from_RESET
 600          //================================================================================
 601          extern void TIMER16_4_enter_DefaultMode_from_RESET(void) {
 602   1              // $[Timer Initialization]
 603   1              // Save Timer Configuration
 604   1              uint8_t TMR4CN0_TR4_save;
 605   1              SFRPAGE = 0x10;
 606   1              TMR4CN0_TR4_save = TMR4CN0 & TMR4CN0_TR4__BMASK;
 607   1              // Stop Timer
 608   1              TMR4CN0 &= ~(TMR4CN0_TR4__BMASK);
C51 COMPILER V9.53.0.0   INITDEVICE                                                        04/11/2017 20:16:38 PAGE 11  

 609   1              // [Timer Initialization]$
 610   1      
 611   1              // $[TMR4CN1 - Timer 4 Control 1]
 612   1              // [TMR4CN1 - Timer 4 Control 1]$
 613   1      
 614   1              // $[TMR4CN0 - Timer 4 Control]
 615   1              // [TMR4CN0 - Timer 4 Control]$
 616   1      
 617   1              // $[TMR4H - Timer 4 High Byte]
 618   1              /***********************************************************************
 619   1               - Timer 4 High Byte = 0xFE
 620   1               ***********************************************************************/
 621   1              TMR4H = (0xFE << TMR4H_TMR4H__SHIFT);
 622   1              // [TMR4H - Timer 4 High Byte]$
 623   1      
 624   1              // $[TMR4L - Timer 4 Low Byte]
 625   1              /***********************************************************************
 626   1               - Timer 4 Low Byte = 0x68
 627   1               ***********************************************************************/
 628   1              TMR4L = (0x68 << TMR4L_TMR4L__SHIFT);
 629   1              // [TMR4L - Timer 4 Low Byte]$
 630   1      
 631   1              // $[TMR4RLH - Timer 4 Reload High Byte]
 632   1              /***********************************************************************
 633   1               - Timer 4 Reload High Byte = 0xFE
 634   1               ***********************************************************************/
 635   1              TMR4RLH = (0xFE << TMR4RLH_TMR4RLH__SHIFT);
 636   1              // [TMR4RLH - Timer 4 Reload High Byte]$
 637   1      
 638   1              // $[TMR4RLL - Timer 4 Reload Low Byte]
 639   1              /***********************************************************************
 640   1               - Timer 4 Reload Low Byte = 0x68
 641   1               ***********************************************************************/
 642   1              TMR4RLL = (0x68 << TMR4RLL_TMR4RLL__SHIFT);
 643   1              // [TMR4RLL - Timer 4 Reload Low Byte]$
 644   1      
 645   1              TMR4RL = (uint16_t)(-SYSCLK / SAMPLE_RATE_DAC);
 646   1              // $[TMR4CN0]
 647   1              /***********************************************************************
 648   1               - Start Timer 4 running
 649   1               ***********************************************************************/
 650   1              TMR4CN0 |= TMR4CN0_TR4__RUN;
 651   1              // [TMR4CN0]$
 652   1      
 653   1              // $[Timer Restoration]
 654   1              // Restore Timer Configuration
 655   1              TMR4CN0 |= TMR4CN0_TR4_save;
 656   1              // [Timer Restoration]$
 657   1      
 658   1      }
 659          
 660          //================================================================================
 661          // TIMER_SETUP_0_enter_DefaultMode_from_RESET
 662          //================================================================================
 663          extern void TIMER_SETUP_0_enter_DefaultMode_from_RESET(void) {
 664   1              // $[CKCON0 - Clock Control 0]
 665   1              /***********************************************************************
 666   1               - System clock divided by 48
 667   1               - Counter/Timer 0 uses the clock defined by the prescale field, SCA
 668   1               - Timer 2 high byte uses the clock defined by T2XCLK in TMR2CN0
 669   1               - Timer 2 low byte uses the clock defined by T2XCLK in TMR2CN0
 670   1               - Timer 3 high byte uses the clock defined by T3XCLK in TMR3CN0
 671   1               - Timer 3 low byte uses the clock defined by T3XCLK in TMR3CN0
C51 COMPILER V9.53.0.0   INITDEVICE                                                        04/11/2017 20:16:38 PAGE 12  

 672   1               - Timer 1 uses the clock defined by the prescale field, SCA
 673   1               ***********************************************************************/
 674   1              SFRPAGE = 0x00;
 675   1              CKCON0 = CKCON0_SCA__SYSCLK_DIV_48 | CKCON0_T0M__PRESCALE
 676   1                              | CKCON0_T2MH__EXTERNAL_CLOCK | CKCON0_T2ML__EXTERNAL_CLOCK
 677   1                              | CKCON0_T3MH__EXTERNAL_CLOCK | CKCON0_T3ML__EXTERNAL_CLOCK
 678   1                              | CKCON0_T1M__PRESCALE;
 679   1              // [CKCON0 - Clock Control 0]$
 680   1      
 681   1              // $[CKCON1 - Clock Control 1]
 682   1              /***********************************************************************
 683   1               - Timer 4 high byte uses the clock defined by T4XCLK in TMR4CN0
 684   1               - Timer 4 low byte uses the system clock
 685   1               - Timer 5 high byte uses the clock defined by T5XCLK in TMR5CN0
 686   1               - Timer 5 low byte uses the clock defined by T5XCLK in TMR5CN0
 687   1               ***********************************************************************/
 688   1              SFRPAGE = 0x10;
 689   1              CKCON1 = CKCON1_T4MH__EXTERNAL_CLOCK | CKCON1_T4ML__SYSCLK
 690   1                              | CKCON1_T5MH__EXTERNAL_CLOCK | CKCON1_T5ML__EXTERNAL_CLOCK;
 691   1              // [CKCON1 - Clock Control 1]$
 692   1      
 693   1              // $[TMOD - Timer 0/1 Mode]
 694   1              /***********************************************************************
 695   1               - Mode 2, 8-bit Counter/Timer with Auto-Reload
 696   1               - Mode 0, 13-bit Counter/Timer
 697   1               - Timer Mode
 698   1               - Timer 0 enabled when TR0 = 1 irrespective of INT0 logic level
 699   1               - Timer Mode
 700   1               - Timer 1 enabled when TR1 = 1 irrespective of INT1 logic level
 701   1               ***********************************************************************/
 702   1              SFRPAGE = 0x00;
 703   1              TMOD = TMOD_T0M__MODE2 | TMOD_T1M__MODE0 | TMOD_CT0__TIMER
 704   1                              | TMOD_GATE0__DISABLED | TMOD_CT1__TIMER | TMOD_GATE1__DISABLED;
 705   1              // [TMOD - Timer 0/1 Mode]$
 706   1      
 707   1              // $[TCON - Timer 0/1 Control]
 708   1              /***********************************************************************
 709   1               - Start Timer 0 running
 710   1               ***********************************************************************/
 711   1              TCON |= TCON_TR0__RUN;
 712   1              // [TCON - Timer 0/1 Control]$
 713   1      
 714   1      }
 715          
 716          //================================================================================
 717          // SPI_0_enter_DefaultMode_from_RESET
 718          //================================================================================
 719          extern void SPI_0_enter_DefaultMode_from_RESET(void) {
 720   1              // $[SPI0CKR - SPI0 Clock Rate]
 721   1              /***********************************************************************
 722   1               - SPI0 Clock Rate = 0x0B
 723   1               ***********************************************************************/
 724   1              SPI0CKR = (0x0B << SPI0CKR_SPI0CKR__SHIFT);
 725   1              // [SPI0CKR - SPI0 Clock Rate]$
 726   1      
 727   1              // $[SPI0CFG - SPI0 Configuration]
 728   1              /***********************************************************************
 729   1               - Enable master mode. Operate as a master
 730   1               ***********************************************************************/
 731   1              SPI0CFG |= SPI0CFG_MSTEN__MASTER_ENABLED;
 732   1              // [SPI0CFG - SPI0 Configuration]$
 733   1      
 734   1              // $[SPI0PCF - SPI0 Pin Configuration]
C51 COMPILER V9.53.0.0   INITDEVICE                                                        04/11/2017 20:16:38 PAGE 13  

 735   1              // [SPI0PCF - SPI0 Pin Configuration]$
 736   1      
 737   1              // $[SPI0CN0 - SPI0 Control]
 738   1              /***********************************************************************
 739   1               - Enable the SPI module
 740   1               - 3-Wire Slave or 3-Wire Master Mode
 741   1               ***********************************************************************/
 742   1              SPI0CN0 &= ~SPI0CN0_NSSMD__FMASK;
 743   1              SPI0CN0 |= SPI0CN0_SPIEN__ENABLED;
 744   1              // [SPI0CN0 - SPI0 Control]$
 745   1      
 746   1              // $[SPI0FCN0 - SPI0 FIFO Control 0]
 747   1              // [SPI0FCN0 - SPI0 FIFO Control 0]$
 748   1      
 749   1              // $[SPI0FCN1 - SPI0 FIFO Control 1]
 750   1              // [SPI0FCN1 - SPI0 FIFO Control 1]$
 751   1      
 752   1      }
 753          
 754          //================================================================================
 755          // INTERRUPT_0_enter_DefaultMode_from_RESET
 756          //================================================================================
 757          extern void INTERRUPT_0_enter_DefaultMode_from_RESET(void) {
 758   1              // $[EIE1 - Extended Interrupt Enable 1]
 759   1              /***********************************************************************
 760   1               - Disable ADC0 Conversion Complete interrupt
 761   1               - Disable ADC0 Window Comparison interrupt
 762   1               - Disable CP0 interrupts
 763   1               - Disable CP1 interrupts
 764   1               - Enable interrupt requests generated by a Port Match
 765   1               - Disable all PCA0 interrupts
 766   1               - Disable all SMB0 interrupts
 767   1               - Enable interrupt requests generated by the TF3L or TF3H flags
 768   1               ***********************************************************************/
 769   1              EIE1 = EIE1_EADC0__DISABLED | EIE1_EWADC0__DISABLED | EIE1_ECP0__DISABLED
 770   1                              | EIE1_ECP1__DISABLED | EIE1_EMAT__ENABLED | EIE1_EPCA0__DISABLED
 771   1                              | EIE1_ESMB0__DISABLED | EIE1_ET3__ENABLED;
 772   1              // [EIE1 - Extended Interrupt Enable 1]$
 773   1      
 774   1              // $[EIE2 - Extended Interrupt Enable 2]
 775   1              /***********************************************************************
 776   1               - Disable CL0 interrupts
 777   1               - Disable all I2C0 slave interrupts
 778   1               - Enable interrupt requests generated by the TF4L or TF4H flags
 779   1               - Disable Timer 5 interrupts
 780   1               - Disable UART1 interrupts
 781   1               ***********************************************************************/
 782   1              EIE2 = EIE2_CL0__DISABLED | EIE2_EI2C0__DISABLED | EIE2_ET4__ENABLED
 783   1                              | EIE2_ET5__DISABLED | EIE2_ES1__DISABLED;
 784   1              // [EIE2 - Extended Interrupt Enable 2]$
 785   1      
 786   1              // $[EIP1H - Extended Interrupt Priority 1 High]
 787   1              /***********************************************************************
 788   1               - ADC0 Conversion Complete interrupt priority MSB set to low
 789   1               - ADC0 Window interrupt priority MSB set to low
 790   1               - CP0 interrupt priority MSB set to low
 791   1               - CP1 interrupt priority MSB set to low
 792   1               - Port Match interrupt priority MSB set to high
 793   1               - PCA0 interrupt priority MSB set to low
 794   1               - SMB0 interrupt priority MSB set to low
 795   1               - Timer 3 interrupt priority MSB set to high
 796   1               ***********************************************************************/
 797   1              SFRPAGE = 0x10;
C51 COMPILER V9.53.0.0   INITDEVICE                                                        04/11/2017 20:16:38 PAGE 14  

 798   1              EIP1H = EIP1H_PHADC0__LOW | EIP1H_PHWADC0__LOW | EIP1H_PHCP0__LOW
 799   1                              | EIP1H_PHCP1__LOW | EIP1H_PHMAT__HIGH | EIP1H_PHPCA0__LOW
 800   1                              | EIP1H_PHSMB0__LOW | EIP1H_PHT3__HIGH;
 801   1              // [EIP1H - Extended Interrupt Priority 1 High]$
 802   1      
 803   1              // $[EIP1 - Extended Interrupt Priority 1 Low]
 804   1              // [EIP1 - Extended Interrupt Priority 1 Low]$
 805   1      
 806   1              // $[EIP2 - Extended Interrupt Priority 2]
 807   1              /***********************************************************************
 808   1               - CL0 interrupt priority LSB set to low
 809   1               - I2C0 Slave interrupt priority LSB set to low
 810   1               - Timer 4 interrupt priority LSB set to high
 811   1               - Timer 5 interrupt priority LSB set to low
 812   1               - UART1 interrupt priority LSB set to low
 813   1               ***********************************************************************/
 814   1              EIP2 = EIP2_PCL0__LOW | EIP2_PI2C0__LOW | EIP2_PT4__HIGH | EIP2_PT5__LOW
 815   1                              | EIP2_PS1__LOW;
 816   1              // [EIP2 - Extended Interrupt Priority 2]$
 817   1      
 818   1              // $[EIP2H - Extended Interrupt Priority 2 High]
 819   1              // [EIP2H - Extended Interrupt Priority 2 High]$
 820   1      
 821   1              // $[IE - Interrupt Enable]
 822   1              /***********************************************************************
 823   1               - Disable all interrupt sources
 824   1               - Disable external interrupt 0
 825   1               - Disable external interrupt 1
 826   1               - Enable interrupt requests generated by SPI0
 827   1               - Disable all Timer 0 interrupt
 828   1               - Disable all Timer 1 interrupt
 829   1               - Enable interrupt requests generated by the TF2L or TF2H flags
 830   1               - Disable UART0 interrupt
 831   1               ***********************************************************************/
 832   1              SFRPAGE = 0x00;
 833   1              IE = IE_EA__DISABLED | IE_EX0__DISABLED | IE_EX1__DISABLED
 834   1                              | IE_ESPI0__ENABLED | IE_ET0__DISABLED | IE_ET1__DISABLED
 835   1                              | IE_ET2__ENABLED | IE_ES0__DISABLED;
 836   1              // [IE - Interrupt Enable]$
 837   1      
 838   1              // $[IP - Interrupt Priority]
 839   1              // [IP - Interrupt Priority]$
 840   1      
 841   1              // $[IPH - Interrupt Priority High]
 842   1              // [IPH - Interrupt Priority High]$
 843   1      
 844   1      }
 845          


MODULE INFORMATION:   STATIC OVERLAYABLE
   CODE SIZE        =    302    ----
   CONSTANT SIZE    =   ----    ----
   XDATA SIZE       =   ----    ----
   PDATA SIZE       =   ----    ----
   DATA SIZE        =   ----       1
   IDATA SIZE       =   ----    ----
   BIT SIZE         =   ----    ----
   EDATA SIZE       =   ----    ----
   HDATA SIZE       =   ----    ----
   XDATA CONST SIZE =   ----    ----
   FAR CONST SIZE   =   ----    ----
END OF MODULE INFORMATION.

C51 COMPILER V9.53.0.0   INITDEVICE                                                        04/11/2017 20:16:38 PAGE 15  


C51 COMPILATION COMPLETE.  0 WARNING(S),  0 ERROR(S)
